src/app/(dashboard)/dashboard/patients/[id]/page.tsx(317,21): error TS2322: Type 'null' is not assignable to type 'string | undefined'.
src/app/(dashboard)/dashboard/patients/[id]/perinatal/page.tsx(39,42): error TS2345: Argument of type 'string | undefined' is not assignable to parameter of type 'string'.
  Type 'undefined' is not assignable to type 'string'.
src/app/(dashboard)/dashboard/patients/[id]/perinatal/page.tsx(40,42): error TS2345: Argument of type 'string | undefined' is not assignable to parameter of type 'string'.
  Type 'undefined' is not assignable to type 'string'.
